WARNING: Ignoring invalid distribution ~etworkx (/usr/local/lib/python3.13/dist-packages)
WARNING: Ignoring invalid distribution ~etworkx (/usr/local/lib/python3.13/dist-packages)
Collecting coco-experiment==2.8.2
  Using cached coco_experiment-2.8.2.tar.gz (3.9 MB)
  Preparing metadata (pyproject.toml): started
  Preparing metadata (pyproject.toml): finished with status 'done'
ERROR: Exception:
Traceback (most recent call last):
  File "/root/Speedup/.venv-coco2/lib/python3.13/site-packages/pip/_internal/cli/base_command.py", line 105, in _run_wrapper
    status = _inner_run()
  File "/root/Speedup/.venv-coco2/lib/python3.13/site-packages/pip/_internal/cli/base_command.py", line 96, in _inner_run
    return self.run(options, args)
           ~~~~~~~~^^^^^^^^^^^^^^^
  File "/root/Speedup/.venv-coco2/lib/python3.13/site-packages/pip/_internal/cli/req_command.py", line 68, in wrapper
    return func(self, options, args)
  File "/root/Speedup/.venv-coco2/lib/python3.13/site-packages/pip/_internal/commands/install.py", line 387, in run
    requirement_set = resolver.resolve(
        reqs, check_supported_wheels=not options.target_dir
    )
  File "/root/Speedup/.venv-coco2/lib/python3.13/site-packages/pip/_internal/resolution/resolvelib/resolver.py", line 96, in resolve
    result = self._result = resolver.resolve(
                            ~~~~~~~~~~~~~~~~^
        collected.requirements, max_rounds=limit_how_complex_resolution_can_be
        ^^^^^^^^^^^^^^^^^^^^^^^^^^^^^^^^^^^^^^^^^^^^^^^^^^^^^^^^^^^^^^^^^^^^^^
    )
    ^
  File "/root/Speedup/.venv-coco2/lib/python3.13/site-packages/pip/_vendor/resolvelib/resolvers/resolution.py", line 515, in resolve
    state = resolution.resolve(requirements, max_rounds=max_rounds)
  File "/root/Speedup/.venv-coco2/lib/python3.13/site-packages/pip/_vendor/resolvelib/resolvers/resolution.py", line 388, in resolve
    self._add_to_criteria(self.state.criteria, r, parent=None)
    ~~~~~~~~~~~~~~~~~~~~~^^^^^^^^^^^^^^^^^^^^^^^^^^^^^^^^^^^^^
  File "/root/Speedup/.venv-coco2/lib/python3.13/site-packages/pip/_vendor/resolvelib/resolvers/resolution.py", line 141, in _add_to_criteria
    if not criterion.candidates:
           ^^^^^^^^^^^^^^^^^^^^
  File "/root/Speedup/.venv-coco2/lib/python3.13/site-packages/pip/_vendor/resolvelib/structs.py", line 194, in __bool__
    return bool(self._sequence)
  File "/root/Speedup/.venv-coco2/lib/python3.13/site-packages/pip/_internal/resolution/resolvelib/found_candidates.py", line 163, in __bool__
    self._bool = any(self)
                 ~~~^^^^^^
  File "/root/Speedup/.venv-coco2/lib/python3.13/site-packages/pip/_internal/resolution/resolvelib/found_candidates.py", line 147, in <genexpr>
    return (c for c in iterator if id(c) not in self._incompatible_ids)
                       ^^^^^^^^
  File "/root/Speedup/.venv-coco2/lib/python3.13/site-packages/pip/_internal/resolution/resolvelib/found_candidates.py", line 37, in _iter_built
    candidate = func()
  File "/root/Speedup/.venv-coco2/lib/python3.13/site-packages/pip/_internal/resolution/resolvelib/factory.py", line 187, in _make_candidate_from_link
    base: Optional[BaseCandidate] = self._make_base_candidate_from_link(
                                    ~~~~~~~~~~~~~~~~~~~~~~~~~~~~~~~~~~~^
        link, template, name, version
        ^^^^^^^^^^^^^^^^^^^^^^^^^^^^^
    )
    ^
  File "/root/Speedup/.venv-coco2/lib/python3.13/site-packages/pip/_internal/resolution/resolvelib/factory.py", line 233, in _make_base_candidate_from_link
    self._link_candidate_cache[link] = LinkCandidate(
                                       ~~~~~~~~~~~~~^
        link,
        ^^^^^
    ...<3 lines>...
        version=version,
        ^^^^^^^^^^^^^^^^
    )
    ^
  File "/root/Speedup/.venv-coco2/lib/python3.13/site-packages/pip/_internal/resolution/resolvelib/candidates.py", line 306, in __init__
    super().__init__(
    ~~~~~~~~~~~~~~~~^
        link=link,
        ^^^^^^^^^^
    ...<4 lines>...
        version=version,
        ^^^^^^^^^^^^^^^^
    )
    ^
  File "/root/Speedup/.venv-coco2/lib/python3.13/site-packages/pip/_internal/resolution/resolvelib/candidates.py", line 159, in __init__
    self.dist = self._prepare()
                ~~~~~~~~~~~~~^^
  File "/root/Speedup/.venv-coco2/lib/python3.13/site-packages/pip/_internal/resolution/resolvelib/candidates.py", line 236, in _prepare
    dist = self._prepare_distribution()
  File "/root/Speedup/.venv-coco2/lib/python3.13/site-packages/pip/_internal/resolution/resolvelib/candidates.py", line 317, in _prepare_distribution
    return preparer.prepare_linked_requirement(self._ireq, parallel_builds=True)
           ~~~~~~~~~~~~~~~~~~~~~~~~~~~~~~~~~~~^^^^^^^^^^^^^^^^^^^^^^^^^^^^^^^^^^
  File "/root/Speedup/.venv-coco2/lib/python3.13/site-packages/pip/_internal/operations/prepare.py", line 532, in prepare_linked_requirement
    return self._prepare_linked_requirement(req, parallel_builds)
           ~~~~~~~~~~~~~~~~~~~~~~~~~~~~~~~~^^^^^^^^^^^^^^^^^^^^^^
  File "/root/Speedup/.venv-coco2/lib/python3.13/site-packages/pip/_internal/operations/prepare.py", line 647, in _prepare_linked_requirement
    dist = _get_prepared_distribution(
        req,
    ...<3 lines>...
        self.check_build_deps,
    )
  File "/root/Speedup/.venv-coco2/lib/python3.13/site-packages/pip/_internal/operations/prepare.py", line 71, in _get_prepared_distribution
    abstract_dist.prepare_distribution_metadata(
    ~~~~~~~~~~~~~~~~~~~~~~~~~~~~~~~~~~~~~~~~~~~^
        finder, build_isolation, check_build_deps
        ^^^^^^^^^^^^^^^^^^^^^^^^^^^^^^^^^^^^^^^^^
    )
    ^
  File "/root/Speedup/.venv-coco2/lib/python3.13/site-packages/pip/_internal/distributions/sdist.py", line 69, in prepare_distribution_metadata
    self.req.prepare_metadata()
    ~~~~~~~~~~~~~~~~~~~~~~~~~^^
  File "/root/Speedup/.venv-coco2/lib/python3.13/site-packages/pip/_internal/req/req_install.py", line 575, in prepare_metadata
    self.metadata_directory = generate_metadata(
                              ~~~~~~~~~~~~~~~~~^
        build_env=self.build_env,
        ^^^^^^^^^^^^^^^^^^^^^^^^^
        backend=self.pep517_backend,
        ^^^^^^^^^^^^^^^^^^^^^^^^^^^^
        details=details,
        ^^^^^^^^^^^^^^^^
    )
    ^
  File "/root/Speedup/.venv-coco2/lib/python3.13/site-packages/pip/_internal/operations/build/metadata.py", line 34, in generate_metadata
    distinfo_dir = backend.prepare_metadata_for_build_wheel(metadata_dir)
  File "/root/Speedup/.venv-coco2/lib/python3.13/site-packages/pip/_internal/utils/misc.py", line 723, in prepare_metadata_for_build_wheel
    return super().prepare_metadata_for_build_wheel(
           ~~~~~~~~~~~~~~~~~~~~~~~~~~~~~~~~~~~~~~~~^
        metadata_directory=metadata_directory,
        ^^^^^^^^^^^^^^^^^^^^^^^^^^^^^^^^^^^^^^
        config_settings=cs,
        ^^^^^^^^^^^^^^^^^^^
        _allow_fallback=_allow_fallback,
        ^^^^^^^^^^^^^^^^^^^^^^^^^^^^^^^^
    )
    ^
  File "/root/Speedup/.venv-coco2/lib/python3.13/site-packages/pip/_vendor/pyproject_hooks/_impl.py", line 224, in prepare_metadata_for_build_wheel
    return self._call_hook(
           ~~~~~~~~~~~~~~~^
        "prepare_metadata_for_build_wheel",
        ^^^^^^^^^^^^^^^^^^^^^^^^^^^^^^^^^^^
    ...<4 lines>...
        },
        ^^
    )
    ^
  File "/root/Speedup/.venv-coco2/lib/python3.13/site-packages/pip/_vendor/pyproject_hooks/_impl.py", line 402, in _call_hook
    raise BackendUnavailable(
    ...<4 lines>...
    )
pip._vendor.pyproject_hooks._impl.BackendUnavailable: Cannot import 'mesonpy'
